/etc/passwd
/etc/shadow
/etc/hosts
/etc/motd
/etc/security/group
/etc/security/passwd
/etc/security/user
/etc/security/environ
/etc/security/limits
/etc/security/access.conf
/etc/security/opasswd
/etc/snort/snort.conf
/etc/clamav/clamd.conf
/etc/ssh/sshd_config
/etc/cups/printers.conf
/etc/cups/cupsd.conf.default
/etc/inetd.conf
/etc/samba/dhcp.conf
/etc/samba/dhcp.conf
/etc/mysql/conf.d/old_passwords.cnf
/etc/X11/xorg.conf
/etc/gconf
/etc/tsocks.conf
/etc/pnm2ppa.conf
/etc/dhcp3/dhclient.conf
/etc/irssi.conf
/etc/chkrootkit.conf
/etc/ufw/sysctl.conf
/etc/ufw/ufw.conf
/etc/syslog.conf
/etc/snmp/snmpd.conf
/etc/cvs-cron.conf
/etc/clamav/freshclam.conf
/etc/ca-certificates.conf
/etc/debconf.conf
/etc/bash_completion.d/debconf
/etc/tor/tor-tsocks.conf
/etc/xdg/user-dirs.conf
/etc/htdig/htdig.conf
/etc/remastersys.conf
/etc/gnome-vfs-2.0/modules/default-modules.conf
/etc/gnome-vfs-2.0/modules/extra-modules.conf
/etc/gconf
/etc/gconf/gconf.xml.defaults
/etc/gconf/gconf.xml.defaults/%gconf-tree.xml
/etc/tor/tor-tsocks.conf
/etc/xdg/user-dirs.conf
/etc/htdig/htdig.conf
/etc/remastersys.conf
/etc/gnome-vfs-2.0/modules/default-modules.conf
/etc/gconf/gconf.xml.defaults
/etc/gconf/2
/etc/mysql/conf.d
/etc/gconf/gconf.xml.defaults/%gconf-tree.xml
/etc/gconf/gconf.xml.system
/etc/gconf/2/evoldap.conf
/etc/gconf/2/path
/etc/gconf/gconf.xml.mandatory
/etc/gconf/gconf.xml.mandatory/%gconf-tree.xml
/etc/modprobe.d/vmware-tools.conf
/etc/fonts/conf.d
/etc/fonts/conf.d/README
/etc/miredo.conf
/etc/bluetooth/input.conf
/etc/bluetooth/network.conf
/etc/bluetooth/main.conf
/etc/bluetooth/rfcomm.conf
/etc/ldap/ldap.conf
/etc/cups/pdftops.conf
/etc/cups/cupsd.conf.default
/etc/cups/acroread.conf
/etc/cups/cupsd.conf
/etc/oinkmaster.conf
/etc/menu-methods/menu.config
/etc/security/time.conf
/etc/security/namespace.conf
/etc/security/sepermit.conf
/etc/security/limits.conf
/etc/security/group.conf
/etc/security/pam_env.conf
/etc/deluser.conf
/etc/miredo-server.conf
/etc/mail/sendmail.conf
/etc/belocs/locale-gen.conf
/etc/snort/threshold.conf
/etc/snort/rules/open-test.conf
/etc/snort/rules/emerging.conf
/etc/snort/snort-mysql.conf
/etc/snort/reference.config
/etc/arpalert/arpalert.conf
/etc/udev/udev.conf
/etc/resolvconf
/etc/resolvconf/update-libc.d
/etc/resolvconf/update-libc.d/sendmail
/etc/airoscript.conf
/etc/foremost.conf
/etc/scrollkeeper.conf
/etc/pam.conf
/etc/nsswitch.conf
/etc/initramfs-tools/conf.d
/etc/GeoIP.conf.default
/etc/proxychains.conf
/etc/host.conf
/etc/tinyproxy/tinyproxy.conf
/etc/freetds/freetds.conf
/etc/prelude/default/global.conf
/etc/prelude/default/idmef-client.conf
/etc/prelude/default/tls.conf
/etc/kernel-pkg.conf
/etc/samba/dhcp.conf
/etc/samba/smb.conf
/etc/ltrace.conf
/etc/bonobo-activation/bonobo-activation-config.xml
/etc/sysctl.conf
/etc/mono/config
/etc/mono/2.0/machine.config
/etc/mono/2.0/web.config
/etc/mono/1.0/machine.config
/etc/sensors.conf
/etc/X11/xorg.conf-vesa
/etc/X11/xorg.conf.BeforeVMwareToolsInstall
/etc/X11/xorg.conf
/etc/X11/xorg.conf-vmware
/etc/X11/xorg.conf.orig
/etc/smi.conf
/etc/postgresql-common/autovacuum.conf
/etc/pulse/client.conf
/etc/python/debian_config
/etc/hdparm.conf
/etc/casper.conf
/etc/discover-modprobe.conf
/etc/resolv.conf
/etc/adduser.conf
/etc/subversion/config
/etc/openvpn/update-resolv-conf
/etc/cvs-pserver.conf
/etc/pear/pear.conf
/etc/dns2tcpd.conf
/etc/privoxy/config
/etc/logrotate.conf
/etc/tsocks.conf
/etc/stunnel/stunnel.conf
/etc/fuse.conf
/etc/uniconf.conf
/etc/syslog.conf
/etc/cvs-cron.conf
/etc/snmp/snmpd.conf
/etc/tomcat/tomcat-users.xml
/etc/tomcat5/tomcat-users.xml
/etc/tomcat6/tomcat-users.xml
/etc/tomcat7/tomcat-users.xml
/proc/cpuinfo
/proc/meminfo
/proc/self/cmdline
/proc/self/mounts
/proc/self/status
/proc/self/stat
/proc/self/mounts
/proc/version
/share/snmp/snmpd.conf
/usr/lib/security/mkuser.default
/etc/php.ini
/bin/php.ini
/etc/httpd/php.ini
/usr/lib/php.ini
/usr/lib/php/php.ini
/usr/local/etc/php.ini
/usr/local/lib/php.ini
/usr/local/php/lib/php.ini
/usr/local/php4/lib/php.ini
/usr/local/php5/lib/php.ini
/usr/local/apache/conf/php.ini
/etc/php4.4/fcgi/php.ini
/etc/php4/apache/php.ini
/etc/php4/apache2/php.ini
/etc/php5/apache/php.ini
/etc/php5/apache2/php.ini
/etc/php/php.ini
/etc/php/php4/php.ini
/etc/php/apache/php.ini
/etc/php/apache2/php.ini
/web/conf/php.ini
/usr/local/Zend/etc/php.ini
/opt/xampp/etc/php.ini
/var/local/www/conf/php.ini
/etc/php/cgi/php.ini
/etc/php4/cgi/php.ini
/etc/php5/cgi/php.ini
